i (5) = 5
i+1 (6) = 6
i*2 (10) = 10
i-2 (3) = 3
i/5 (1) = 1
i^3 (125) = 125
i%3 (2) = 2
i+=1 (6) = 6
i*=2 (12) = 12
i-=2 (10) = 10
i/=5 (2) = 2
i^=3 (8) = 8
i%=3 (2) = 2
u (5) = 5
u+1 (6) = 6
u*2 (10) = 10
u-2 (3) = 3
u/5 (1) = 1
u^3 (125) = 125
u%3 (2) = 2
u+=1 (6) = 6
u*=2 (12) = 12
u-=2 (10) = 10
u/=5 (2) = 2
u^=3 (8) = 8
u%=3 (2) = 2
f (5) = 5.000000
f+1 (6) = 6.000000
f*2 (10) = 10.000000
f-2 (3) = 3.000000
f/5 (1) = 1.000000
f^3 (125) = 125.000000
f%3 (2) = 2.000000
f+=1 (6) = 6.000000
f*=2 (12) = 12.000000
f-=2 (10) = 10.000000
f/=5 (2) = 2.000000
f^=3 (8) = 8.000000
f%=3 (2) = 2.000000
