--------------------------------------------------------------------------------
try
--------------------------------------------------------------------------------
try
catch Exception
--------------------------------------------------------------------------------
try
catch AnException
