a is_of B, expected: 0, actual: 0
b is_of A: expected: 1, actual: 1
a is_of b.class: expected: 0, actual: 0
b is_of a.class: expected: 1, actual: 1
!a is_of B, expected: 1, actual: 1
