class.class_name = MyObject
o.class.class_name = MyObject
