O_BRANCH_CALL:
(nil)
0
0
0.000000
0.000000
0
(nil)
0x1
-5
5
5.000000
5.000000
97
0x1
O_BRANCH_CALL_IF:
(nil)
0
0
0.000000
0.000000
0
(nil)
0x1
-5
5
5.000000
5.000000
97
0x1
ConditionalBinaryExpression:
(nil)
0
0
0.000000
0.000000
0
(nil)
0x1
-5
5
5.000000
5.000000
97
0x1
