a = 5: doStuff(5) = 10
a = 6: doStuff(-3) = 3
a = -6: doStuff(3) = -3
