t.test (1) = 4
t.test (2) = 5
t.test (3) = 6
t.test (4) = 7
