foo.foo () = 2
bar.foo () = 2
bar.bar () = 3
baz.foo () = 2
baz.baz () = 4
fooBar.foo () = 2
fooBar.foo () = 2
fooBar.bar () = 3
fooBar.foo () = 2
fooBar.baz () = 4
