first: 1
second: 0
third: 1
first: 2
second: 2
third: 2
