--------------------------------------------------------------------------------
try
finally
3
--------------------------------------------------------------------------------
try
catch Exception
finally
3
--------------------------------------------------------------------------------
try
catch AnException
finally
3
