sizeof int: 4
sizeof unsigned: 4
sizeof float: 4
sizeof char: 1
sizeof void: 1
