--------------------------------------------------------------------------------
try
finally
0
--------------------------------------------------------------------------------
try
catch Exception
finally
2
--------------------------------------------------------------------------------
try
catch AnException
finally
1
