--------------------------------------------------------------------------------
try
finally
--------------------------------------------------------------------------------
try
catch Exception
finally
--------------------------------------------------------------------------------
try
catch AnException
finally
